MPLINK 4.49, Linker
Linker Map File - Created Wed Mar 31 20:08:03 2021

                                 Section Info
                  Section       Type    Address   Location Size(Bytes)
                ---------  ---------  ---------  ---------  ---------
                   .org_0       code   0x000000    program   0x000000
                   .org_1       code   0x000000    program   0x000002
                   .org_2       code   0x000008    program   0x000000
                   .org_3       code   0x000018    program   0x000034



                              Program Memory Usage 
                               Start         End      
                           ---------   ---------      
                            0x000000    0x000001      
                            0x000018    0x00004b      
            54 out of 33048 program addresses used, program memory utilization is 0%



                              Symbols - Sorted by Name
                     Name    Address   Location    Storage File                     
                ---------  ---------  ---------  --------- ---------                
                 INT0_ISR   0x00003a    program     static D:\idk\Downloads\uni\Yr2 SemB\EE2004 Microshit\Asssignment\2\InterruptProgram.asm
                 INT1_ISR   0x000044    program     static D:\idk\Downloads\uni\Yr2 SemB\EE2004 Microshit\Asssignment\2\InterruptProgram.asm
                     Main   0x00001a    program     static D:\idk\Downloads\uni\Yr2 SemB\EE2004 Microshit\Asssignment\2\InterruptProgram.asm
                     Over   0x00002a    program     static D:\idk\Downloads\uni\Yr2 SemB\EE2004 Microshit\Asssignment\2\InterruptProgram.asm
                   T0_ISR   0x000036    program     static D:\idk\Downloads\uni\Yr2 SemB\EE2004 Microshit\Asssignment\2\InterruptProgram.asm



                              Symbols - Sorted by Address
                     Name    Address   Location    Storage File                     
                ---------  ---------  ---------  --------- ---------                
                     Main   0x00001a    program     static D:\idk\Downloads\uni\Yr2 SemB\EE2004 Microshit\Asssignment\2\InterruptProgram.asm
                     Over   0x00002a    program     static D:\idk\Downloads\uni\Yr2 SemB\EE2004 Microshit\Asssignment\2\InterruptProgram.asm
                   T0_ISR   0x000036    program     static D:\idk\Downloads\uni\Yr2 SemB\EE2004 Microshit\Asssignment\2\InterruptProgram.asm
                 INT0_ISR   0x00003a    program     static D:\idk\Downloads\uni\Yr2 SemB\EE2004 Microshit\Asssignment\2\InterruptProgram.asm
                 INT1_ISR   0x000044    program     static D:\idk\Downloads\uni\Yr2 SemB\EE2004 Microshit\Asssignment\2\InterruptProgram.asm


