MPLINK 4.49, Linker
Linker Map File - Created Thu Oct 08 13:46:08 2020

                                 Section Info
                  Section       Type    Address   Location Size(Bytes)
                ---------  ---------  ---------  ---------  ---------
                   .org_0       code   0x000000    program   0x000000
                   .org_1       code   0x000000    program   0x00002c
    .config_300001_TUT6.O    romdata   0x300001    program   0x000001
    .config_300002_TUT6.O    romdata   0x300002    program   0x000001
    .config_300003_TUT6.O    romdata   0x300003    program   0x000001
    .config_300005_TUT6.O    romdata   0x300005    program   0x000001
    .config_300006_TUT6.O    romdata   0x300006    program   0x000001
    .config_300008_TUT6.O    romdata   0x300008    program   0x000001
    .config_300009_TUT6.O    romdata   0x300009    program   0x000001
    .config_30000A_TUT6.O    romdata   0x30000a    program   0x000001
    .config_30000B_TUT6.O    romdata   0x30000b    program   0x000001
    .config_30000C_TUT6.O    romdata   0x30000c    program   0x000001
    .config_30000D_TUT6.O    romdata   0x30000d    program   0x000001



                              Program Memory Usage 
                               Start         End      
                           ---------   ---------      
                            0x000000    0x00002b      
                            0x300001    0x300003      
                            0x300005    0x300006      
                            0x300008    0x30000d      
            55 out of 33048 program addresses used, program memory utilization is 0%



                              Symbols - Sorted by Name
                     Name    Address   Location    Storage File                     
                ---------  ---------  ---------  --------- ---------                
                    Delay   0x00001a    program     static D:\Bridge\City2020_SEM_A\EE2004\code\tut6\tut6.asm
                    LOP_1   0x00001e    program     static D:\Bridge\City2020_SEM_A\EE2004\code\tut6\tut6.asm
                    LOP_2   0x000022    program     static D:\Bridge\City2020_SEM_A\EE2004\code\tut6\tut6.asm
                     Main   0x000004    program     static D:\Bridge\City2020_SEM_A\EE2004\code\tut6\tut6.asm
                 MainLoop   0x00000e    program     static D:\Bridge\City2020_SEM_A\EE2004\code\tut6\tut6.asm



                              Symbols - Sorted by Address
                     Name    Address   Location    Storage File                     
                ---------  ---------  ---------  --------- ---------                
                     Main   0x000004    program     static D:\Bridge\City2020_SEM_A\EE2004\code\tut6\tut6.asm
                 MainLoop   0x00000e    program     static D:\Bridge\City2020_SEM_A\EE2004\code\tut6\tut6.asm
                    Delay   0x00001a    program     static D:\Bridge\City2020_SEM_A\EE2004\code\tut6\tut6.asm
                    LOP_1   0x00001e    program     static D:\Bridge\City2020_SEM_A\EE2004\code\tut6\tut6.asm
                    LOP_2   0x000022    program     static D:\Bridge\City2020_SEM_A\EE2004\code\tut6\tut6.asm


