MPLINK 4.49, Linker
Linker Map File - Created Thu Oct 22 13:58:57 2020

                                 Section Info
                  Section       Type    Address   Location Size(Bytes)
                ---------  ---------  ---------  ---------  ---------
                   .org_0       code   0x000000    program   0x000000
                   .org_1       code   0x000000    program   0x000004
                   .org_2       code   0x000020    program   0x00001e
  .config_300001_TUT7-3.O    romdata   0x300001    program   0x000001
  .config_300002_TUT7-3.O    romdata   0x300002    program   0x000001
  .config_300003_TUT7-3.O    romdata   0x300003    program   0x000001
  .config_300005_TUT7-3.O    romdata   0x300005    program   0x000001
  .config_300006_TUT7-3.O    romdata   0x300006    program   0x000001
  .config_300008_TUT7-3.O    romdata   0x300008    program   0x000001
  .config_300009_TUT7-3.O    romdata   0x300009    program   0x000001
  .config_30000A_TUT7-3.O    romdata   0x30000a    program   0x000001
  .config_30000B_TUT7-3.O    romdata   0x30000b    program   0x000001
  .config_30000C_TUT7-3.O    romdata   0x30000c    program   0x000001
  .config_30000D_TUT7-3.O    romdata   0x30000d    program   0x000001



                              Program Memory Usage 
                               Start         End      
                           ---------   ---------      
                            0x000000    0x000003      
                            0x000020    0x00003d      
                            0x300001    0x300003      
                            0x300005    0x300006      
                            0x300008    0x30000d      
            45 out of 33048 program addresses used, program memory utilization is 0%



                              Symbols - Sorted by Name
                     Name    Address   Location    Storage File                     
                ---------  ---------  ---------  --------- ---------                
                     Here   0x00003c    program     static D:\Bridge\City2020_SEM_A\EE2004\code\tut7\tut7-3.asm
                     Main   0x000020    program     static D:\Bridge\City2020_SEM_A\EE2004\code\tut7\tut7-3.asm



                              Symbols - Sorted by Address
                     Name    Address   Location    Storage File                     
                ---------  ---------  ---------  --------- ---------                
                     Main   0x000020    program     static D:\Bridge\City2020_SEM_A\EE2004\code\tut7\tut7-3.asm
                     Here   0x00003c    program     static D:\Bridge\City2020_SEM_A\EE2004\code\tut7\tut7-3.asm


