MPLINK 4.49, Linker
Linker Map File - Created Tue Oct 06 15:28:51 2020

                                 Section Info
                  Section       Type    Address   Location Size(Bytes)
                ---------  ---------  ---------  ---------  ---------
                   .org_0       code   0x000000    program   0x000000
                   .org_1       code   0x000000    program   0x00003c



                              Program Memory Usage 
                               Start         End      
                           ---------   ---------      
                            0x000000    0x00003b      
            60 out of 33048 program addresses used, program memory utilization is 0%



                              Symbols - Sorted by Name
                     Name    Address   Location    Storage File                     
                ---------  ---------  ---------  --------- ---------                
                   Result   0x000038    program     static D:\Bridge\City2020_SEM_A\EE2004\code\quiz1\quiz1.asm



                              Symbols - Sorted by Address
                     Name    Address   Location    Storage File                     
                ---------  ---------  ---------  --------- ---------                
                   Result   0x000038    program     static D:\Bridge\City2020_SEM_A\EE2004\code\quiz1\quiz1.asm


