MPLINK 4.49, Linker
Linker Map File - Created Thu Feb 18 18:39:00 2021

                                 Section Info
                  Section       Type    Address   Location Size(Bytes)
                ---------  ---------  ---------  ---------  ---------
                   .org_0       code   0x000000    program   0x000000
                   .org_1       code   0x00000a    program   0x000036



                              Program Memory Usage 
                               Start         End      
                           ---------   ---------      
                            0x00000a    0x00003f      
            54 out of 33048 program addresses used, program memory utilization is 0%



                              Symbols - Sorted by Name
                     Name    Address   Location    Storage File                     
                ---------  ---------  ---------  --------- ---------                
                     Main   0x00000e    program     static D:\idk\Downloads\uni\Yr2 SemB\EE2004 Microshit\Asssignment\1\Loop.asm
                     done   0x00003e    program     static D:\idk\Downloads\uni\Yr2 SemB\EE2004 Microshit\Asssignment\1\Loop.asm
                    start   0x00001c    program     static D:\idk\Downloads\uni\Yr2 SemB\EE2004 Microshit\Asssignment\1\Loop.asm
                     sumL   0x000026    program     static D:\idk\Downloads\uni\Yr2 SemB\EE2004 Microshit\Asssignment\1\Loop.asm



                              Symbols - Sorted by Address
                     Name    Address   Location    Storage File                     
                ---------  ---------  ---------  --------- ---------                
                     Main   0x00000e    program     static D:\idk\Downloads\uni\Yr2 SemB\EE2004 Microshit\Asssignment\1\Loop.asm
                    start   0x00001c    program     static D:\idk\Downloads\uni\Yr2 SemB\EE2004 Microshit\Asssignment\1\Loop.asm
                     sumL   0x000026    program     static D:\idk\Downloads\uni\Yr2 SemB\EE2004 Microshit\Asssignment\1\Loop.asm
                     done   0x00003e    program     static D:\idk\Downloads\uni\Yr2 SemB\EE2004 Microshit\Asssignment\1\Loop.asm


