MPLINK 4.49, Linker
Linker Map File - Created Thu Sep 24 14:23:44 2020

                                 Section Info
                  Section       Type    Address   Location Size(Bytes)
                ---------  ---------  ---------  ---------  ---------
                   .org_0       code   0x000000    program   0x000000
                   .org_1       code   0x000000    program   0x000004
                   .org_2       code   0x000060    program   0x00001e



                              Program Memory Usage 
                               Start         End      
                           ---------   ---------      
                            0x000000    0x000003      
                            0x000060    0x00007d      
            34 out of 33048 program addresses used, program memory utilization is 0%



                              Symbols - Sorted by Name
                     Name    Address   Location    Storage File                     
                ---------  ---------  ---------  --------- ---------                
                    Again   0x000070    program     static B:\Bridge\City2020_SEM_A\EE2004\code\tut4\tut4-2-3.asm
                    Delay   0x00006c    program     static B:\Bridge\City2020_SEM_A\EE2004\code\tut4\tut4-2-3.asm
                     Here   0x000068    program     static B:\Bridge\City2020_SEM_A\EE2004\code\tut4\tut4-2-3.asm
                     Main   0x000060    program     static B:\Bridge\City2020_SEM_A\EE2004\code\tut4\tut4-2-3.asm



                              Symbols - Sorted by Address
                     Name    Address   Location    Storage File                     
                ---------  ---------  ---------  --------- ---------                
                     Main   0x000060    program     static B:\Bridge\City2020_SEM_A\EE2004\code\tut4\tut4-2-3.asm
                     Here   0x000068    program     static B:\Bridge\City2020_SEM_A\EE2004\code\tut4\tut4-2-3.asm
                    Delay   0x00006c    program     static B:\Bridge\City2020_SEM_A\EE2004\code\tut4\tut4-2-3.asm
                    Again   0x000070    program     static B:\Bridge\City2020_SEM_A\EE2004\code\tut4\tut4-2-3.asm


