MPLINK 4.49, Linker
Linker Map File - Created Sat Dec 12 15:55:00 2020

                                 Section Info
                  Section       Type    Address   Location Size(Bytes)
                ---------  ---------  ---------  ---------  ---------
                   .org_0       code   0x000000    program   0x000000
                   .org_1       code   0x000000    program   0x00004a



                              Program Memory Usage 
                               Start         End      
                           ---------   ---------      
                            0x000000    0x000049      
            74 out of 33048 program addresses used, program memory utilization is 0%



                              Symbols - Sorted by Name
                     Name    Address   Location    Storage File                     
                ---------  ---------  ---------  --------- ---------                
                      ADD   0x00001e    program     static B:\Bridge\City2020_SEM_A\EE2004\exam\examq4.asm
                  Loopadd   0x000022    program     static B:\Bridge\City2020_SEM_A\EE2004\exam\examq4.asm
                  Loopsub   0x000038    program     static B:\Bridge\City2020_SEM_A\EE2004\exam\examq4.asm
                     Main   0x00000e    program     static B:\Bridge\City2020_SEM_A\EE2004\exam\examq4.asm
                      SUB   0x000034    program     static B:\Bridge\City2020_SEM_A\EE2004\exam\examq4.asm



                              Symbols - Sorted by Address
                     Name    Address   Location    Storage File                     
                ---------  ---------  ---------  --------- ---------                
                     Main   0x00000e    program     static B:\Bridge\City2020_SEM_A\EE2004\exam\examq4.asm
                      ADD   0x00001e    program     static B:\Bridge\City2020_SEM_A\EE2004\exam\examq4.asm
                  Loopadd   0x000022    program     static B:\Bridge\City2020_SEM_A\EE2004\exam\examq4.asm
                      SUB   0x000034    program     static B:\Bridge\City2020_SEM_A\EE2004\exam\examq4.asm
                  Loopsub   0x000038    program     static B:\Bridge\City2020_SEM_A\EE2004\exam\examq4.asm


