MPLINK 4.49, Linker
Linker Map File - Created Mon Nov 23 20:22:47 2020

                                 Section Info
                  Section       Type    Address   Location Size(Bytes)
                ---------  ---------  ---------  ---------  ---------
                   .org_0       code   0x000000    program   0x000000
                   .org_1       code   0x000000    program   0x000004
                   .org_2       code   0x000040    program   0x00001e
  .config_300001_TESTQ3.O    romdata   0x300001    program   0x000001
  .config_300002_TESTQ3.O    romdata   0x300002    program   0x000001
  .config_300003_TESTQ3.O    romdata   0x300003    program   0x000001
  .config_300005_TESTQ3.O    romdata   0x300005    program   0x000001
  .config_300006_TESTQ3.O    romdata   0x300006    program   0x000001
  .config_300008_TESTQ3.O    romdata   0x300008    program   0x000001
  .config_300009_TESTQ3.O    romdata   0x300009    program   0x000001
  .config_30000A_TESTQ3.O    romdata   0x30000a    program   0x000001
  .config_30000B_TESTQ3.O    romdata   0x30000b    program   0x000001
  .config_30000C_TESTQ3.O    romdata   0x30000c    program   0x000001
  .config_30000D_TESTQ3.O    romdata   0x30000d    program   0x000001



                              Program Memory Usage 
                               Start         End      
                           ---------   ---------      
                            0x000000    0x000003      
                            0x000040    0x00005d      
                            0x300001    0x300003      
                            0x300005    0x300006      
                            0x300008    0x30000d      
            45 out of 33048 program addresses used, program memory utilization is 0%



                              Symbols - Sorted by Name
                     Name    Address   Location    Storage File                     
                ---------  ---------  ---------  --------- ---------                
                     Here   0x000050    program     static B:\Bridge\City2020_SEM_A\EE2004\code\test\testq3.asm
                    Start   0x000040    program     static B:\Bridge\City2020_SEM_A\EE2004\code\test\testq3.asm
                 wait_con   0x000052    program     static B:\Bridge\City2020_SEM_A\EE2004\code\test\testq3.asm



                              Symbols - Sorted by Address
                     Name    Address   Location    Storage File                     
                ---------  ---------  ---------  --------- ---------                
                    Start   0x000040    program     static B:\Bridge\City2020_SEM_A\EE2004\code\test\testq3.asm
                     Here   0x000050    program     static B:\Bridge\City2020_SEM_A\EE2004\code\test\testq3.asm
                 wait_con   0x000052    program     static B:\Bridge\City2020_SEM_A\EE2004\code\test\testq3.asm


